// Jest Snapshot v1, https://goo.gl/fbAQLP

exports[`ProductsList renders a snapshot properly 1`] = `
<div>
  <h4
    className="box title is-4"
  >
    soda
  </h4>
  <h4
    className="box title is-4"
  >
    soda field
  </h4>
</div>
`;
